// Jest Snapshot v1, https://goo.gl/fbAQLP

exports[`<app-checkbox> classList string should match snapshot 1`] = `"app-checkbox checked app-button"`;
